current directory: /home/niusounds/404/vendor/bundle/ruby/3.2.0/gems/json-2.21.1/ext/json/ext/parser
/usr/bin/ruby3.2 -I/usr/lib/ruby/vendor_ruby extconf.rb
checking for rb_enc_interned_str() in ruby/encoding.h... yes
checking for rb_str_to_interned_str() in ruby.h... yes
checking for rb_hash_new_capa() in ruby.h... yes
checking for rb_hash_bulk_insert() in ruby.h... yes
checking for ruby_xfree_sized() in ruby.h... no
checking for x86intrin.h... no
checking for intrin.h... no
checking for RUBY_TYPED_EMBEDDABLE in ruby.h... no
checking for whether -std=c99 is accepted as CFLAGS... yes
checking for arm_neon.h... yes
checking for cpuid.h... no
creating Makefile

current directory: /home/niusounds/404/vendor/bundle/ruby/3.2.0/gems/json-2.21.1/ext/json/ext/parser
make DESTDIR\= sitearchdir\=./.gem.20260804-370590-a481zi sitelibdir\=./.gem.20260804-370590-a481zi clean

current directory: /home/niusounds/404/vendor/bundle/ruby/3.2.0/gems/json-2.21.1/ext/json/ext/parser
make DESTDIR\= sitearchdir\=./.gem.20260804-370590-a481zi sitelibdir\=./.gem.20260804-370590-a481zi
compiling parser.c
linking shared-object json/ext/parser.so

current directory: /home/niusounds/404/vendor/bundle/ruby/3.2.0/gems/json-2.21.1/ext/json/ext/parser
make DESTDIR\= sitearchdir\=./.gem.20260804-370590-a481zi sitelibdir\=./.gem.20260804-370590-a481zi install
/usr/bin/install -c -m 0755 parser.so ./.gem.20260804-370590-a481zi/json/ext

current directory: /home/niusounds/404/vendor/bundle/ruby/3.2.0/gems/json-2.21.1/ext/json/ext/parser
make DESTDIR\= sitearchdir\=./.gem.20260804-370590-a481zi sitelibdir\=./.gem.20260804-370590-a481zi clean
